// Jest Snapshot v1, https://goo.gl/fbAQLP

exports[`should render LoginPage correctly 1`] = `
<div
  className="box-layout"
>
  <div
    className="box-layout__box"
  >
    <h1
      className="box-layout__title"
    >
      Expensify
    </h1>
    <p>
      It's time to get your expenses under control
    </p>
    <button
      className="button-blue button-google"
      id="startLogin"
    >
      Login with Google
    </button>
    <button
      className="button-blue button-facebook"
      id="startLoginFacebook"
    >
      Login with Facebook
    </button>
    <button
      className="button-blue button-twitter"
      id="startLoginTwitter"
    >
      Login with Twitter
    </button>
    <button
      className="button-blue button-github"
      id="startLoginGithub"
    >
      Login with Github
    </button>
  </div>
</div>
`;
